==> Making package: aquamarine-mgpu 0.15.0-1 (Sat 05 Sep 2026 05:53:44 PM EEST)
==> Checking runtime dependencies...
==> Checking buildtime dependencies...
==> Installing missing dependencies...
resolving dependencies...
looking for conflicting packages...

Package (5)               New Version    Net Change  Download Size

cachyos-extra-v3/cppdap   1.58.0-3.1       1.69 MiB       0.34 MiB
cachyos-extra-v3/jsoncpp  1.9.8-1.1        0.86 MiB       0.18 MiB
cachyos-extra-v3/rhash    1.4.6-1.1        0.35 MiB       0.19 MiB
cachyos-extra-v3/cmake    4.4.3-2.1      101.00 MiB      15.21 MiB
extra/vulkan-headers      1:1.4.357.0-1   40.33 MiB       1.79 MiB

Total Download Size:    17.71 MiB
Total Installed Size:  144.23 MiB

:: Proceed with installation? [Y/n] 
:: Retrieving packages...
 cmake-4.4.3-2.1-x86_64_v3 downloading...
 vulkan-headers-1:1.4.357.0-1-any downloading...
 cppdap-1.58.0-3.1-x86_64_v3 downloading...
 rhash-1.4.6-1.1-x86_64_v3 downloading...
 jsoncpp-1.9.8-1.1-x86_64_v3 downloading...
checking keyring...
checking package integrity...
loading package files...
checking for file conflicts...
:: Running pre-transaction hooks...
(1/2) Performing snapper pre snapshots for the following configurations...
==> root: 110
(2/2) Waiting for limine-snapper-sync to finish...
:: Processing package changes...
installing cppdap...
installing jsoncpp...
Optional dependencies for jsoncpp
    jsoncpp-doc: documentation
installing rhash...
installing cmake...
Optional dependencies for cmake
    make: for unix Makefile generator [installed]
    ninja: for ninja generator [installed]
    qt6-base: cmake-gui [installed]
installing vulkan-headers...
Optional dependencies for vulkan-headers
    python: Registry tools [installed]
:: Running post-transaction hooks...
(1/5) Updating the MIME type database...
(2/5) Arming ConditionNeedsUpdate...
(3/5) Updating icon theme caches...
(4/5) Updating the desktop file MIME type cache...
(5/5) Performing snapper post snapshots for the following configurations...
==> root: 111
==> Retrieving sources...
  -> Downloading aquamarine-0.15.0.tar.gz...
  % Total    % Received % Xferd  Average Speed  Time    Time    Time   Current
                                 Dload  Upload  Total   Spent   Left   Speed
  0      0   0      0   0      0      0      0                              0  0      0   0      0   0      0      0      0                              0  0      0   0      0   0      0      0      0                              0
  0      0   0      0   0      0      0      0                              0100 120.1k   0 120.1k   0      0 146.5k      0                              0100 120.1k   0 120.1k   0      0 146.5k      0                              0100 120.1k   0 120.1k   0      0 146.5k      0                              0
  -> Found aquamarine-mgpu-copy-engine.patch
==> Validating source files with sha256sums...
    aquamarine-0.15.0.tar.gz ... Passed
    aquamarine-mgpu-copy-engine.patch ... Skipped
==> Extracting sources...
  -> Extracting aquamarine-0.15.0.tar.gz with bsdtar
==> Starting prepare()...
patching file CMakeLists.txt
patching file src/allocator/GBM.cpp
patching file src/backend/drm/DRM.cpp
patching file src/backend/drm/Renderer.cpp
patching file src/backend/drm/Renderer.hpp
patching file src/backend/drm/VulkanCopy.cpp
patching file src/backend/drm/VulkanCopy.hpp
==> Starting build()...
-- The C compiler identification is GNU 16.2.1
-- The CXX compiler identification is GNU 16.2.1
-- Detecting C compiler ABI info
-- Detecting C compiler ABI info - done
-- Check for working C compiler: /usr/bin/cc - skipped
-- Detecting C compile features
-- Detecting C compile features - done
-- Detecting CXX compiler ABI info
-- Detecting CXX compiler ABI info - done
-- Check for working CXX compiler: /usr/bin/c++ - skipped
-- Detecting CXX compile features
-- Detecting CXX compile features - done
-- Found PkgConfig: /usr/bin/pkg-config (found version "3.0.6")
-- Found OpenGL: /usr/lib/libOpenGL.so  found components: GLES3
-- Performing Test CMAKE_HAVE_LIBC_PTHREAD
-- Performing Test CMAKE_HAVE_LIBC_PTHREAD - Success
-- Found Threads: TRUE
-- Checking for modules 'libseat>=0.8.0;libinput>=1.26.0;wayland-client;wayland-protocols;hyprutils>=0.8.0;pixman-1;libdrm;gbm;libudev;libdisplay-info;hwdata'
--   Found libseat, version 0.9.3
--   Found libinput, version 1.31.3
--   Found wayland-client, version 1.26.0
--   Found wayland-protocols, version 1.49
--   Found hyprutils, version 0.14.1
--   Found pixman-1, version 0.46.4
--   Found libdrm, version 2.4.134
--   Found gbm, version 26.2.2-arch3.2
--   Found libudev, version 261
--   Found libdisplay-info, version 0.3.0
--   Found hwdata, version 0.410
-- Configuring aquamarine in Release
-- Looking for C++ include vulkan/vulkan.h
-- Looking for C++ include vulkan/vulkan.h - found
-- Vulkan headers found: enabling the multi-GPU copy engine path
-- Looking for sys/timerfd.h
-- Looking for sys/timerfd.h - found
-- Checking for module 'epoll-shim'
--   Package 'epoll-shim' not found
-- Found wayland-protocols at /usr/share/wayland-protocols
-- Found wayland-scanner pkgdatadir at /usr/share/wayland
-- Running /home/andarriel/Experiments/mgpu/packaging/build/src/aquamarine-0.15.0/data/hwdata.sh < /usr/share/hwdata/pnp.ids
-- Configuring done (1.2s)
-- Generating done (0.0s)
-- Build files have been written to: /home/andarriel/Experiments/mgpu/packaging/build/src/aquamarine-0.15.0/build
[  2%] Generating /home/andarriel/Experiments/mgpu/packaging/build/src/aquamarine-0.15.0/protocols/xdg-shell.cpp, /home/andarriel/Experiments/mgpu/packaging/build/src/aquamarine-0.15.0/protocols/xdg-shell.hpp
[  7%] Generating /home/andarriel/Experiments/mgpu/packaging/build/src/aquamarine-0.15.0/protocols/wayland.cpp, /home/andarriel/Experiments/mgpu/packaging/build/src/aquamarine-0.15.0/protocols/wayland.hpp
[  7%] Generating /home/andarriel/Experiments/mgpu/packaging/build/src/aquamarine-0.15.0/protocols/linux-dmabuf-v1.cpp, /home/andarriel/Experiments/mgpu/packaging/build/src/aquamarine-0.15.0/protocols/linux-dmabuf-v1.hpp
[ 14%] Building CXX object CMakeFiles/aquamarine.dir/src/allocator/GBM.cpp.o
[ 14%] Building CXX object CMakeFiles/aquamarine.dir/src/allocator/Allocator.cpp.o
[ 14%] Building CXX object CMakeFiles/aquamarine.dir/src/allocator/DRMDumb.cpp.o
[ 16%] Building CXX object CMakeFiles/aquamarine.dir/src/allocator/Swapchain.cpp.o
[ 19%] Building CXX object CMakeFiles/aquamarine.dir/src/backend/Backend.cpp.o
[ 21%] Building CXX object CMakeFiles/aquamarine.dir/src/backend/FrameScheduler.cpp.o
[ 23%] Building CXX object CMakeFiles/aquamarine.dir/src/backend/Headless.cpp.o
[ 26%] Building CXX object CMakeFiles/aquamarine.dir/src/backend/Logger.cpp.o
[ 28%] Building CXX object CMakeFiles/aquamarine.dir/src/backend/Session.cpp.o
[ 35%] Building CXX object CMakeFiles/aquamarine.dir/src/backend/drm/AsyncCommit.cpp.o
[ 35%] Building CXX object CMakeFiles/aquamarine.dir/src/backend/Wayland.cpp.o
[ 35%] Building CXX object CMakeFiles/aquamarine.dir/src/backend/Null.cpp.o
[ 38%] Building CXX object CMakeFiles/aquamarine.dir/src/backend/drm/DRM.cpp.o
[ 40%] Building CXX object CMakeFiles/aquamarine.dir/src/backend/drm/Math.cpp.o
[ 42%] Building CXX object CMakeFiles/aquamarine.dir/src/backend/drm/Props.cpp.o
[ 45%] Building CXX object CMakeFiles/aquamarine.dir/src/backend/drm/CommitThread.cpp.o
[ 47%] Building CXX object CMakeFiles/aquamarine.dir/src/backend/drm/Renderer.cpp.o
[ 50%] Building CXX object CMakeFiles/aquamarine.dir/src/backend/drm/VulkanCopy.cpp.o
[ 52%] Building CXX object CMakeFiles/aquamarine.dir/src/backend/drm/impl/Atomic.cpp.o
[ 54%] Building CXX object CMakeFiles/aquamarine.dir/src/backend/drm/impl/Legacy.cpp.o
[ 57%] Building CXX object CMakeFiles/aquamarine.dir/src/buffer/Buffer.cpp.o
[ 59%] Building CXX object CMakeFiles/aquamarine.dir/src/input/Input.cpp.o
[ 61%] Building CXX object CMakeFiles/aquamarine.dir/src/output/Output.cpp.o
[ 64%] Building CXX object CMakeFiles/aquamarine.dir/src/misc/Attachment.cpp.o
/home/andarriel/Experiments/mgpu/packaging/build/src/aquamarine-0.15.0/src/backend/Backend.cpp: In member function ‘void Aquamarine::CBackend::dispatchIdle()’:
/home/andarriel/Experiments/mgpu/packaging/build/src/aquamarine-0.15.0/src/backend/Backend.cpp:293:13: warning: ignoring return value of ‘ssize_t read(int, void*, size_t)’ declared with attribute ‘warn_unused_result’ [-Wunused-result]
  293 |         read(idle.fd, &expirations, sizeof(expirations));
      |         ~~~~^~~~~~~~~~~~~~~~~~~~~~~~~~~~~~~~~~~~~~~~~~~~
[ 66%] Building CXX object CMakeFiles/aquamarine.dir/src/output/OutputTiming.cpp.o
/home/andarriel/Experiments/mgpu/packaging/build/src/aquamarine-0.15.0/src/backend/drm/VulkanCopy.cpp: In member function ‘Aquamarine::CVulkanCopier::SResult Aquamarine::CVulkanCopier::copy(Hyprutils::Memory::CSharedPointer<Aquamarine::IBuffer>, Hyprutils::Memory::CSharedPointer<Aquamarine::IBuffer>, int, const Hyprutils::Math::CRegion*)’:
/home/andarriel/Experiments/mgpu/packaging/build/src/aquamarine-0.15.0/src/backend/drm/VulkanCopy.cpp:813:41: warning: enumerated and non-enumerated type in conditional expression [-Wextra]
  813 |             .srcAccessMask       = WIDE ? VK_ACCESS_MEMORY_WRITE_BIT : 0u,
      |                                    ~~~~~^~~~~~~~~~~~~~~~~~~~~~~~~~~~~~~~~
/home/andarriel/Experiments/mgpu/packaging/build/src/aquamarine-0.15.0/src/backend/drm/VulkanCopy.cpp:814:72: warning: enumerated and non-enumerated type in conditional expression [-Wextra]
  814 |             .dstAccessMask       = VK_ACCESS_TRANSFER_READ_BIT | (WIDE ? VK_ACCESS_MEMORY_READ_BIT : 0u),
      |                                                                   ~~~~~^~~~~~~~~~~~~~~~~~~~~~~~~~~~~~~~
/home/andarriel/Experiments/mgpu/packaging/build/src/aquamarine-0.15.0/src/backend/drm/VulkanCopy.cpp:824:41: warning: enumerated and non-enumerated type in conditional expression [-Wextra]
  824 |             .srcAccessMask       = WIDE ? VK_ACCESS_MEMORY_WRITE_BIT : 0u,
      |                                    ~~~~~^~~~~~~~~~~~~~~~~~~~~~~~~~~~~~~~~
/home/andarriel/Experiments/mgpu/packaging/build/src/aquamarine-0.15.0/src/backend/drm/VulkanCopy.cpp:825:73: warning: enumerated and non-enumerated type in conditional expression [-Wextra]
  825 |             .dstAccessMask       = VK_ACCESS_TRANSFER_WRITE_BIT | (WIDE ? VK_ACCESS_MEMORY_READ_BIT : 0u),
      |                                                                    ~~~~~^~~~~~~~~~~~~~~~~~~~~~~~~~~~~~~~
/home/andarriel/Experiments/mgpu/packaging/build/src/aquamarine-0.15.0/src/backend/drm/VulkanCopy.cpp:865:41: warning: enumerated and non-enumerated type in conditional expression [-Wextra]
  865 |             .dstAccessMask       = WIDE ? VK_ACCESS_MEMORY_READ_BIT : 0u,
      |                                    ~~~~~^~~~~~~~~~~~~~~~~~~~~~~~~~~~~~~~
/home/andarriel/Experiments/mgpu/packaging/build/src/aquamarine-0.15.0/src/backend/drm/VulkanCopy.cpp:878:68: warning: enumerated and non-enumerated type in conditional expression [-Wextra]
  878 |             .dstAccessMask       = VK_ACCESS_HOST_READ_BIT | (WIDE ? VK_ACCESS_MEMORY_READ_BIT : 0u),
      |                                                               ~~~~~^~~~~~~~~~~~~~~~~~~~~~~~~~~~~~~~
[ 69%] Building CXX object CMakeFiles/aquamarine.dir/src/utils/FormatUtils.cpp.o
[ 71%] Building CXX object CMakeFiles/aquamarine.dir/src/utils/Shared.cpp.o
[ 73%] Building CXX object CMakeFiles/aquamarine.dir/protocols/wayland.cpp.o
[ 76%] Building CXX object CMakeFiles/aquamarine.dir/protocols/xdg-shell.cpp.o
[ 78%] Building CXX object CMakeFiles/aquamarine.dir/protocols/linux-dmabuf-v1.cpp.o
[ 80%] Linking CXX shared library libaquamarine.so
[ 80%] Built target aquamarine
[ 85%] Building CXX object CMakeFiles/simpleWindow.dir/tests/SimpleWindow.cpp.o
[ 85%] Building CXX object CMakeFiles/commitThread.dir/tests/CommitThread.cpp.o
[ 90%] Building CXX object CMakeFiles/output.dir/tests/Output.cpp.o
[ 90%] Building CXX object CMakeFiles/attachments.dir/tests/Attachments.cpp.o
[ 92%] Linking CXX executable attachments
[ 92%] Built target attachments
[ 95%] Linking CXX executable output
[ 97%] Linking CXX executable simpleWindow
[100%] Linking CXX executable commitThread
[100%] Built target output
[100%] Built target commitThread
[100%] Built target simpleWindow
==> Entering fakeroot environment...
==> Starting package()...
-- Install configuration: "Release"
-- Installing: /home/andarriel/Experiments/mgpu/packaging/build/pkg/aquamarine-mgpu/usr/lib/libaquamarine.so.0.15.0
-- Installing: /home/andarriel/Experiments/mgpu/packaging/build/pkg/aquamarine-mgpu/usr/lib/libaquamarine.so.14
-- Installing: /home/andarriel/Experiments/mgpu/packaging/build/pkg/aquamarine-mgpu/usr/lib/libaquamarine.so
-- Installing: /home/andarriel/Experiments/mgpu/packaging/build/pkg/aquamarine-mgpu/usr/include/aquamarine
-- Installing: /home/andarriel/Experiments/mgpu/packaging/build/pkg/aquamarine-mgpu/usr/include/aquamarine/allocator
-- Installing: /home/andarriel/Experiments/mgpu/packaging/build/pkg/aquamarine-mgpu/usr/include/aquamarine/allocator/Allocator.hpp
-- Installing: /home/andarriel/Experiments/mgpu/packaging/build/pkg/aquamarine-mgpu/usr/include/aquamarine/allocator/DRMDumb.hpp
-- Installing: /home/andarriel/Experiments/mgpu/packaging/build/pkg/aquamarine-mgpu/usr/include/aquamarine/allocator/GBM.hpp
-- Installing: /home/andarriel/Experiments/mgpu/packaging/build/pkg/aquamarine-mgpu/usr/include/aquamarine/allocator/Swapchain.hpp
-- Installing: /home/andarriel/Experiments/mgpu/packaging/build/pkg/aquamarine-mgpu/usr/include/aquamarine/backend
-- Installing: /home/andarriel/Experiments/mgpu/packaging/build/pkg/aquamarine-mgpu/usr/include/aquamarine/backend/Backend.hpp
-- Installing: /home/andarriel/Experiments/mgpu/packaging/build/pkg/aquamarine-mgpu/usr/include/aquamarine/backend/DRM.hpp
-- Installing: /home/andarriel/Experiments/mgpu/packaging/build/pkg/aquamarine-mgpu/usr/include/aquamarine/backend/FrameScheduler.hpp
-- Installing: /home/andarriel/Experiments/mgpu/packaging/build/pkg/aquamarine-mgpu/usr/include/aquamarine/backend/Headless.hpp
-- Installing: /home/andarriel/Experiments/mgpu/packaging/build/pkg/aquamarine-mgpu/usr/include/aquamarine/backend/Misc.hpp
-- Installing: /home/andarriel/Experiments/mgpu/packaging/build/pkg/aquamarine-mgpu/usr/include/aquamarine/backend/Null.hpp
-- Installing: /home/andarriel/Experiments/mgpu/packaging/build/pkg/aquamarine-mgpu/usr/include/aquamarine/backend/Session.hpp
-- Installing: /home/andarriel/Experiments/mgpu/packaging/build/pkg/aquamarine-mgpu/usr/include/aquamarine/backend/Wayland.hpp
-- Installing: /home/andarriel/Experiments/mgpu/packaging/build/pkg/aquamarine-mgpu/usr/include/aquamarine/backend/drm
-- Installing: /home/andarriel/Experiments/mgpu/packaging/build/pkg/aquamarine-mgpu/usr/include/aquamarine/backend/drm/Atomic.hpp
-- Installing: /home/andarriel/Experiments/mgpu/packaging/build/pkg/aquamarine-mgpu/usr/include/aquamarine/backend/drm/Legacy.hpp
-- Installing: /home/andarriel/Experiments/mgpu/packaging/build/pkg/aquamarine-mgpu/usr/include/aquamarine/buffer
-- Installing: /home/andarriel/Experiments/mgpu/packaging/build/pkg/aquamarine-mgpu/usr/include/aquamarine/buffer/Buffer.hpp
-- Installing: /home/andarriel/Experiments/mgpu/packaging/build/pkg/aquamarine-mgpu/usr/include/aquamarine/input
-- Installing: /home/andarriel/Experiments/mgpu/packaging/build/pkg/aquamarine-mgpu/usr/include/aquamarine/input/Input.hpp
-- Installing: /home/andarriel/Experiments/mgpu/packaging/build/pkg/aquamarine-mgpu/usr/include/aquamarine/misc
-- Installing: /home/andarriel/Experiments/mgpu/packaging/build/pkg/aquamarine-mgpu/usr/include/aquamarine/misc/Attachment.hpp
-- Installing: /home/andarriel/Experiments/mgpu/packaging/build/pkg/aquamarine-mgpu/usr/include/aquamarine/output
-- Installing: /home/andarriel/Experiments/mgpu/packaging/build/pkg/aquamarine-mgpu/usr/include/aquamarine/output/Output.hpp
-- Installing: /home/andarriel/Experiments/mgpu/packaging/build/pkg/aquamarine-mgpu/usr/lib/pkgconfig/aquamarine.pc
==> Tidying install...
  -> Removing libtool files...
  -> Removing static library files...
  -> Purging unwanted files...
  -> Stripping unneeded symbols from binaries and libraries...
  -> Compressing man and info pages...
==> Checking for packaging issues...
==> WARNING: Package contains reference to $srcdir
usr/lib/libaquamarine.so.0.15.0
==> Creating package "aquamarine-mgpu"...
  -> Generating .PKGINFO file...
  -> Generating .BUILDINFO file...
  -> Generating .MTREE file...
  -> Compressing package...
==> Leaving fakeroot environment.
==> Finished making: aquamarine-mgpu 0.15.0-1 (Sat 05 Sep 2026 05:54:18 PM EEST)
==> Installing package aquamarine-mgpu with pacman -U...
loading packages...
resolving dependencies...
looking for conflicting packages...
:: aquamarine-mgpu-0.15.0-1 and aquamarine-0.15.0-2.1 are in conflict. Remove aquamarine? [y/N] error: unresolvable package conflicts detected
error: failed to prepare transaction (conflicting dependencies)

:: aquamarine-mgpu-0.15.0-1 and aquamarine-0.15.0-2.1 are in conflict
==> WARNING: Failed to install built package(s).
