Welcome to Hyprland!

                                                  
                     YY    UJ                     
                    YYY    UUJ                    
                   XXXY    UUUU                   
                  zXXXX    UUUUU                  
                zzzzX        UUUUJ                
               cczzz          UUUUJ               
             vccccz            UUUUUJ             
            vvcccc              UUUUUJ            
           vvvvv                  UUUUJ           
          uuuvv                    UUUUJ          
         uuuuu                      UUUUU         
        nnnuu                        UUUUU        
       nnnnn                          YUUUU       
       xxnn                            YUUU       
       xxxn                            YYUU       
      xxxx                              YYUU      
      rxxx                              YYYY      
      rrrx                              YYYY      
       rrrx                            XXXY       
       rrrr                            XXXX       
        rrrr                          zzXX        
         rrrr                        zzzz         
          rrrrr                    ccczz          
           rrrrrx                vccccc           
             rrrrxxxx        uuvvvvvc             
                rrxxxxxxnnnnuuuuuv                
                    xxxxxnnnnu                    



DEBUG ]: Old rlimit: soft -> 2048, hard -> 2097152
DEBUG ]: New rlimit: soft -> 2097152, hard -> 2097152
WARN ]: WARNING: Hyprland is being launched without start-hyprland. This is highly advised against.
DEBUG ]: Creating the EventLoopManager!
DEBUG ]: Creating the KeybindManager!
DEBUG ]: Creating the AnimationManager!
DEBUG ]: Creating the DynamicPermissionManager!
DEBUG ]: Creating the MonitorState!
DEBUG ]: Creating the WorkspaceState!
DEBUG ]: Creating the ConfigManager!
DEBUG ]: [cfg] Regular config at /home/andarriel/.config/hypr/hyprland.lua
DEBUG ]: [cfg] Using lua config found at /home/andarriel/.config/hypr/hyprland.lua
DEBUG ]: Creating the Error Overlay!
DEBUG ]: Creating the LayoutManager!
DEBUG ]: Creating the TokenManager!
DEBUG ]: Creating the EventManager!
DEBUG ]: Disabling stdout logs (debug.enable_stdout_logs = 0). Further logs will be written to /run/user/1000/hypr/efb50993780079460b0cbed1363e2166a2de1d9f_1788613593_1856864122/hyprland.log
DEBUG ]: Creating the PointerManager!
DEBUG ]: Creating the AsyncResourceGatherer!
[aq-vk] vulkan: creating copier for drm fd 19
